============================
Test cases for text_indentation function
============================

>>> text_indentation("Hello world.")
Hello world.

>>> text_indentation("Hello? Yes!")
Hello?

Yes!

>>> text_indentation("This is a test: or is it?")
This is a test:

or is it?

>>> text_indentation("No punctuation here")
No punctuation here

>>> text_indentation("Spaces after punctuation.  Another sentence?")
Spaces after punctuation.

Another sentence?

>>> text_indentation("")
# No output expected

>>> text_indentation("End with punctuation.")
End with punctuation.

>>> text_indentation(12345)
Traceback (most recent call last):
    ...
TypeError: text must be a string

>>> text_indentation(None)
Traceback (most recent call last):
    ...
TypeError: text must be a string

>>> text_indentation(["Not a string"])
Traceback (most recent call last):
    ...
TypeError: text must be a string
